#-----------------------------------------------------------
# Vivado v2019.1 (64-bit)
# SW Build 2552052 on Fri May 24 14:49:42 MDT 2019
# IP Build 2548770 on Fri May 24 18:01:18 MDT 2019
# Start of session at: Thu Jan 12 20:05:39 2023
# Process ID: 18608
# Current directory: D:/Academic stuff/MSIS Github/Programming-practice/ACA Verilog/Moore machine/moore_seq_10110
# Command line: vivado.exe -gui_launcher_event rodinguilauncherevent15600 D:\Academic stuff\MSIS Github\Programming-practice\ACA Verilog\Moore machine\moore_seq_10110\moore_seq_10110.xpr
# Log file: D:/Academic stuff/MSIS Github/Programming-practice/ACA Verilog/Moore machine/moore_seq_10110/vivado.log
# Journal file: D:/Academic stuff/MSIS Github/Programming-practice/ACA Verilog/Moore machine/moore_seq_10110\vivado.jou
#-----------------------------------------------------------
start_gui
open_project {D:/Academic stuff/MSIS Github/Programming-practice/ACA Verilog/Moore machine/moore_seq_10110/moore_seq_10110.xpr}
update_compile_order -fileset sources_1
update_compile_order -fileset sim_1
launch_simulation
